// Jest Snapshot v1, https://goo.gl/fbAQLP

exports[`Button component renders correctly 1`] = `
<button
  class="button form-text"
  id="careers-btn"
>
  Btn text
</button>
`;
