// Jest Snapshot v1, https://goo.gl/fbAQLP

exports[`Careers page renders correctly 1`] = `
<main
  class="main"
>
  <section
    class="banner-container"
    id="banner-container"
  >
    <div
      class="container"
    >
      <!---->
       
      <!---->
       
      <!---->
       
      <!---->
    </div>
  </section>
   
  <section
    class="careers"
    id="careers"
  >
    <div
      class="container"
    >
      <div
        class="careers__wrapper"
      >
        <img
          alt="Careers Background Image"
          class="careers__background-logo"
          src="@/assets/img/Careers/svg/careers_logo.svg"
        />
         
        <validationobserver-stub />
      </div>
    </div>
     
    <transition-stub
      id="career-modal"
      name="fade"
    >
      <!---->
    </transition-stub>
  </section>
</main>
`;
