// Jest Snapshot v1, https://goo.gl/fbAQLP

exports[`Footer renders correctly 1`] = `
<section
  class="case_footer container_full"
>
  <div
    class="case_logotype nambafood"
  />
   
  <h2
    class="case_title case_title_h2"
  >
    Main Content
  </h2>
   
  <a
    class="case_next-project-button"
    href="/case-studies/namba-food"
  >
    Read next project
  </a>
</section>
`;
