// Jest Snapshot v1, https://goo.gl/fbAQLP

exports[`CaseStudies component renders correctly 1`] = `
<section
  class="case-studies"
>
  <div
    class="container"
  >
    <h2
      class="case-studies__main-title main-title"
    >
      
      Case
      
      <span>
        Studies
      </span>
    </h2>
     
    <div
      class="projects"
    >
      <div
        class="single-project"
        style="background: rgb(248, 247, 246);"
      >
        <div
          class="single-project__container"
        >
          <div
            class="single-project__content-wrap"
          >
            <img
              alt="Namba Food"
              class="single-project__logo"
              src="[object Object]"
            />
             
            <h4
              class="single-project__sub-title sub-title"
            >
              Contactless delivery service
            </h4>
             
            <p
              class="single-project__paragraph paragraph"
            >
              Mad Devs created the Namba Food delivery service from scratch. The
      apps for couriers, end users placing orders and business owners
      work as a seamless system, ensuring a smooth delivery process for
      food and other goods.
            </p>
             
            <div
              class="contribution-vidget"
            >
              <img
                alt="Mad Devs"
                src="[object Object]"
              />
               
              <span
                class="contribution-vidget__content"
              >
                contribution: backend, infrastructure
              </span>
            </div>
          </div>
           
          <div
            class="single-project__background"
          />
        </div>
      </div>
       
      <div
        class="single-project"
        style="background: rgb(86, 68, 142);"
      >
        <div
          class="single-project__container"
        >
          <div
            class="single-project__content-wrap"
          >
            <img
              alt="Namba Food"
              class="single-project__logo"
              src="[object Object]"
            />
             
            <h4
              class="single-project__sub-title sub-title"
            >
              EdTech collaboration platform
            </h4>
             
            <p
              class="single-project__paragraph paragraph"
            >
              Mad Devs improved the collaboration experience for teachers and students by the feedback-driven development of the Teacherly educational platform.
            </p>
             
            <div
              class="contribution-vidget"
            >
              <img
                alt="Mad Devs"
                src="[object Object]"
              />
               
              <span
                class="contribution-vidget__content"
              >
                contribution: backend, infrastructure
              </span>
            </div>
          </div>
           
          <div
            class="single-project__background"
          />
        </div>
      </div>
       
      <div
        class="single-project"
        style="background: rgb(14, 27, 39);"
      >
        <div
          class="single-project__container"
        >
          <div
            class="single-project__content-wrap"
          >
            <img
              alt="Namba Food"
              class="single-project__logo"
              src="[object Object]"
            />
             
            <h4
              class="single-project__sub-title sub-title"
            >
              Cloud cybersecurity service
            </h4>
             
            <p
              class="single-project__paragraph paragraph"
            >
              Mad Devs was involved with Guardrails' security check service as a development contractor with exceptional knowledge of GitHub and GitLab processes.
            </p>
             
            <div
              class="contribution-vidget"
            >
              <img
                alt="Mad Devs"
                src="[object Object]"
              />
               
              <span
                class="contribution-vidget__content"
              >
                contribution: backend, infrastructure
              </span>
            </div>
          </div>
           
          <div
            class="single-project__background"
          />
        </div>
      </div>
       
      <div
        class="single-project"
        style="background: rgb(255, 106, 1);"
      >
        <div
          class="single-project__container"
        >
          <div
            class="single-project__content-wrap"
          >
            <img
              alt="Namba Food"
              class="single-project__logo"
              src="[object Object]"
            />
             
            <h4
              class="single-project__sub-title sub-title"
            >
              Mass transportation company
            </h4>
             
            <p
              class="single-project__paragraph paragraph"
            >
              Mad Devs helped to automate bus transportation in Vietnam by creating feature-rich GoDee applications for both commuters and bus drivers.
            </p>
             
            <div
              class="contribution-vidget"
            >
              <img
                alt="Mad Devs"
                src="[object Object]"
              />
               
              <span
                class="contribution-vidget__content"
              >
                contribution: backend, infrastructure
              </span>
            </div>
          </div>
           
          <div
            class="single-project__background"
          />
        </div>
      </div>
    </div>
  </div>
   
  <div
    class="projects-mobile-slider"
  >
    <div
      class="swiper-container swiper swiper-container-initialized swiper-container-horizontal"
    >
      <div
        class="swiper-wrapper"
        style="webkit-transition-duration: 0ms; transition-duration: 0ms; webkit-transform: translate3d(NaNpx, 0px, 0px); transform: translate3d(NaNpx, 0px, 0px);"
      >
        <div
          class="swiper-slide"
        >
          <div
            class="single-project"
            style="background: rgb(248, 247, 246);"
          >
            <div
              class="single-project__container"
            >
              <div
                class="single-project__content-wrap"
              >
                <img
                  alt="Namba Food"
                  class="single-project__logo"
                  src="[object Object]"
                />
                 
                <h4
                  class="single-project__sub-title sub-title"
                >
                  Contactless delivery service
                </h4>
                 
                <p
                  class="single-project__paragraph paragraph"
                >
                  Mad Devs created the Namba Food delivery service from scratch. The
        apps for couriers, end users placing orders and business owners
        work as a seamless system, ensuring a smooth delivery process for
        food and other goods.
                </p>
                 
                <div
                  class="contribution-vidget"
                >
                  <img
                    alt="Mad Devs"
                    src="[object Object]"
                  />
                   
                  <span
                    class="contribution-vidget__content"
                  >
                    contribution: backend, infrastructure
                  </span>
                </div>
              </div>
               
              <div
                class="single-project__background"
              />
            </div>
          </div>
        </div>
         
        <div
          class="swiper-slide"
        >
          <div
            class="single-project"
            style="background: rgb(86, 68, 142);"
          >
            <div
              class="single-project__container"
            >
              <div
                class="single-project__content-wrap"
              >
                <img
                  alt="Namba Food"
                  class="single-project__logo"
                  src="[object Object]"
                />
                 
                <h4
                  class="single-project__sub-title sub-title"
                >
                  EdTech collaboration platform
                </h4>
                 
                <p
                  class="single-project__paragraph paragraph"
                >
                  Mad Devs improved the collaboration experience for teachers and students by the feedback-driven development of the Teacherly educational platform.
                </p>
                 
                <div
                  class="contribution-vidget"
                >
                  <img
                    alt="Mad Devs"
                    src="[object Object]"
                  />
                   
                  <span
                    class="contribution-vidget__content"
                  >
                    contribution: backend, infrastructure
                  </span>
                </div>
              </div>
               
              <div
                class="single-project__background"
              />
            </div>
          </div>
        </div>
         
        <div
          class="swiper-slide"
        >
          <div
            class="single-project"
            style="background: rgb(14, 27, 39);"
          >
            <div
              class="single-project__container"
            >
              <div
                class="single-project__content-wrap"
              >
                <img
                  alt="Namba Food"
                  class="single-project__logo"
                  src="[object Object]"
                />
                 
                <h4
                  class="single-project__sub-title sub-title"
                >
                  Cloud cybersecurity service
                </h4>
                 
                <p
                  class="single-project__paragraph paragraph"
                >
                  Mad Devs was involved with Guardrails' security check service as a development contractor with exceptional knowledge of GitHub and GitLab processes.
                </p>
                 
                <div
                  class="contribution-vidget"
                >
                  <img
                    alt="Mad Devs"
                    src="[object Object]"
                  />
                   
                  <span
                    class="contribution-vidget__content"
                  >
                    contribution: backend, infrastructure
                  </span>
                </div>
              </div>
               
              <div
                class="single-project__background"
              />
            </div>
          </div>
        </div>
         
        <div
          class="swiper-slide"
        >
          <div
            class="single-project"
            style="background: rgb(255, 106, 1);"
          >
            <div
              class="single-project__container"
            >
              <div
                class="single-project__content-wrap"
              >
                <img
                  alt="Namba Food"
                  class="single-project__logo"
                  src="[object Object]"
                />
                 
                <h4
                  class="single-project__sub-title sub-title"
                >
                  Mass transportation company
                </h4>
                 
                <p
                  class="single-project__paragraph paragraph"
                >
                  Mad Devs helped to automate bus transportation in Vietnam by creating feature-rich GoDee applications for both commuters and bus drivers.
                </p>
                 
                <div
                  class="contribution-vidget"
                >
                  <img
                    alt="Mad Devs"
                    src="[object Object]"
                  />
                   
                  <span
                    class="contribution-vidget__content"
                  >
                    contribution: backend, infrastructure
                  </span>
                </div>
              </div>
               
              <div
                class="single-project__background"
              />
            </div>
          </div>
        </div>
      </div>
      <span
        aria-atomic="true"
        aria-live="assertive"
        class="swiper-notification"
      />
    </div>
  </div>
</section>
`;
