// Jest Snapshot v1, https://goo.gl/fbAQLP

exports[`Footer social network renders correctly 1`] = `
<div
  class="footer-social-network"
>
  <a
    class="footer-social-network__social-newtork_link"
    href="https://github.com/maddevsio"
    target="_blank"
  >
    <span
      class="footer-social-network__icon footer-social-network__icon--github"
    />
  </a>
   
  <a
    class="footer-social-network__social-newtork_link"
    href="https://www.linkedin.com/company/mad-devs"
    target="_blank"
  >
    <span
      class="footer-social-network__icon footer-social-network__icon--linkedin"
    />
  </a>
   
  <a
    class="footer-social-network__social-newtork_link"
    href="https://www.facebook.com/maddevsllc"
    target="_blank"
  >
    <span
      class="footer-social-network__icon footer-social-network__icon--facebook"
    />
  </a>
   
  <a
    class="footer-social-network__social-newtork_link"
    href="https://www.instagram.com/maddevsio/"
    target="_blank"
  >
    <span
      class="footer-social-network__icon footer-social-network__icon--instagram"
    />
  </a>
   
  <a
    class="footer-social-network__social-newtork_link"
    href="https://blog.maddevs.io/"
    target="_blank"
  >
    <span
      class="footer-social-network__icon footer-social-network__icon--medium"
    />
  </a>
   
  <a
    class="footer-social-network__social-newtork_link"
    href="https://twitter.com/MadDevsIO"
    target="_blank"
  >
    <span
      class="footer-social-network__icon footer-social-network__icon--twitter"
    />
  </a>
   
  <a
    class="footer-social-network__social-newtork_link"
    href="https://www.behance.net/maddevs"
    target="_blank"
  >
    <span
      class="footer-social-network__icon footer-social-network__icon--behance"
    />
  </a>
</div>
`;
