// Jest Snapshot v1, https://goo.gl/fbAQLP

exports[`Form checkboxes renders correctly 1`] = `
<div
  class="form-checkboxes"
>
  <label
    class="form-checkbox-label required"
    for="privacy-policy"
  >
    I confirm that I have read and accepted Mad Devs’ 
    <br />
     Privacy Policy
    
    <input
      class="form-checkbox-input"
      id="privacy-policy"
      name="Privacy policy"
      type="checkbox"
    />
     
    <span
      class="checkmark"
    />
  </label>
   
  <label
    class="form-checkbox-label"
    for="marketing-communications"
  >
    I agree to get Mad Devs’ discount offers and other 
    <br />
     marketing communications
    
    <input
      class="form-checkbox-input"
      id="marketing-communications"
      name="Marketing communications"
      type="checkbox"
    />
     
    <span
      class="checkmark"
    />
  </label>
</div>
`;
