// Jest Snapshot v1, https://goo.gl/fbAQLP

exports[`Frontend modal renders correctly 1`] = `
<modal-stub
  name="frontend"
>
  <img
    alt="Close modal"
    class="close-modal"
    src="../../assets/img/common/close-icon.svg"
  />
   
  <validationobserver-stub />
</modal-stub>
`;
