// Jest Snapshot v1, https://goo.gl/fbAQLP

exports[`Webp image component renders correctly 1`] = `
<picture>
  <source
    class="multi-image"
    loading="lazy"
    srcset="[object Object] ,[object Object] 2x"
    type="image/webp"
  />
   
  <img
    alt="Marat@2x"
    class="multi-image"
    loading="lazy"
    src="[object Object]"
    srcset="[object Object] 2x"
  />
</picture>
`;
