// Jest Snapshot v1, https://goo.gl/fbAQLP

exports[`Impact renders correctly 1`] = `
<section
  class="impact"
  id="impact"
>
  <div
    class="container-godee"
  >
    <div
      class="impact__container"
    >
      <h2
        class="impact__main-title"
      >
        Impact
      </h2>
       
      <p
        class="impact__description"
      >
        GoDee faced the challenge of changing people’s habits. And to grow the user base, we needed to 
        <br />
         create an extremely helpful and hassle-free solution. Something that creates an alternative for 
        <br />
         expensive taxis and inconvenient motorbikes, remaining predictable, affordable and ‘green’ by design.
      </p>
       
      <ul
        class="impact__statistic-list"
      >
        <li
          class="impact__statistic-item"
        >
          <div
            class="impact__statistic-number"
          >
            44
          </div>
           
          <p
            class="impact__designation"
          >
            All routes
          </p>
        </li>
         
        <li
          class="impact__statistic-item"
        >
          <div
            class="impact__statistic-number"
          >
            14
          </div>
           
          <p
            class="impact__designation"
          >
            Active routes
          </p>
        </li>
         
        <li
          class="impact__statistic-item"
        >
          <div
            class="impact__statistic-number"
          >
            ~4500
          </div>
           
          <p
            class="impact__designation"
          >
            Passengers per month
          </p>
        </li>
      </ul>
    </div>
     
    <img
      alt="Group of people"
      class="impact__footer-image"
      src="@/assets/img/GoDee/svg/impact-footer-image.svg"
    />
  </div>
</section>
`;
