// Jest Snapshot v1, https://goo.gl/fbAQLP

exports[`Infrastructure optimisation renders correctly 1`] = `
<section
  class="infrastructure-optimisation main-parent-item"
  id="infrastructure-optimisation"
>
  <div
    class="container"
  >
    <div
      class="infrastructure-optimisation__header"
    >
      <h2
        class="infrastructure-optimisation__main-title main-title"
      >
        <span>
          Infrastructure
        </span>
        <br />
        Optimisation
      
      </h2>
       
      <div
        class="infrastructure-optimisation__bg"
      />
    </div>
     
    <div
      class="infrastructure-optimisation__flex-wrapper flex-wrapper"
    >
      <div
        class="infrastructure-optimisation__content-item"
      >
        <h3
          class="infrastructure-optimisation__title title"
        >
          What makes us stand out from others?
        </h3>
         
        <h4
          class="infrastructure-optimisation__sub-title title-md"
        >
          Optimising teams don’t care for tomorrow’s traffic peaks? We care!
        </h4>
         
        <p
          class="infrastructure-optimisation__paragraph paragraph"
        >
          We don't just have experience with infrastructure management tools, our team helped develop some of them. We know where to get the cheapest price and the best service.
        </p>
      </div>
       
      <div
        class="infrastructure-optimisation__content-item"
      >
        <h3
          class="infrastructure-optimisation__title title"
        >
          Up to 50% savings on infrastructure
        </h3>
         
        <h4
          class="infrastructure-optimisation__sub-title title-md"
        >
          Pay-as-you-go receipts from your cloud providers make you curse them?
        </h4>
         
        <p
          class="infrastructure-optimisation__paragraph paragraph"
        >
          Our fire brigade can help you optimise resource consumption like we've done for 75% of our customers. We’ll reconfigure and disable every option or service that is not necessary.
        </p>
      </div>
    </div>
     
    <button
      class="ui-button-modal-trigger ui-button-modal-trigger--black"
    >
      
  Get an infrastructure audit

    </button>
  </div>
</section>
`;
