// Jest Snapshot v1, https://goo.gl/fbAQLP

exports[`Issues And Solution renders correctly 1`] = `
<section
  class="issues-and-solution"
  id="issues-and-solution"
>
  <div
    class="issues-and-solutio__head-content"
  >
    <h2
      class="issues-and-solution__main-title"
    >
      Issues and Solution
    </h2>
     
    <img
      alt="Background"
      class="issues-and-solution__background-image"
      src="@/assets/img/GoDee/png/issues-and-solution-bg.png"
    />
  </div>
   
  <div
    class="container"
  >
    <div
      class="issues-and-solution__transportation"
    >
      <div
        class="issues-and-solution__transportation-content-wrapper"
      >
        <div
          class="issues-and-solutio__left-text-content"
        >
          <div
            class="issues-and-solution__description-item"
          >
            <div
              class="issues-and-solution__description-title issues-and-solution__description-title--transportation"
            >
              Transportation
            </div>
             
            <p
              class="issues-and-solution__description-paragraph"
            >
              Transportation has become an issue due to Vietnam's rapid 
              <br />
               urbanization of 35.92%. With slow, unairconditioned, 
              <br />
               overcrowded public transport, people living in the suburbs 
              <br />
               were left with only two other alternatives: motorbikes and 
              <br />
               taxis.
            </p>
          </div>
           
          <div
            class="issues-and-solution__description-item"
          >
            <div
              class="issues-and-solution__description-title issues-and-solution__description-title--motorbike"
            >
              Motorbike
            </div>
             
            <p
              class="issues-and-solution__description-paragraph issues-and-solution__description-paragraph--motorbike"
            >
              Motorbikes are fast and affordable but not always 
              <br />
               convenient to 'white collars' going to the office in suits, 
              <br />
               especially on rainy days.
            </p>
             
            <div
              class="issues-and-solution__description-icons-group"
            >
              <div
                class="issues-and-solution__icon-item"
              >
                <img
                  alt="Rain"
                  class="issues-and-solution__icon-rain"
                  src="[object Object]"
                />
                 
                <p
                  class="issues-and-solution__icon-designation"
                >
                  Rain
                </p>
              </div>
              <div
                class="issues-and-solution__icon-item"
              >
                <img
                  alt="Exhaust fumes"
                  class="issues-and-solution__icon-exhaust-fumes"
                  src="[object Object]"
                />
                 
                <p
                  class="issues-and-solution__icon-designation"
                >
                  Exhaust fumes
                </p>
              </div>
              <div
                class="issues-and-solution__icon-item"
              >
                <img
                  alt="Dirt"
                  class="issues-and-solution__icon-dirt"
                  src="[object Object]"
                />
                 
                <p
                  class="issues-and-solution__icon-designation"
                >
                  Dirt
                </p>
              </div>
            </div>
          </div>
        </div>
         
        <div
          class="issues-and-solution__image-wrapper"
        >
          <img
            alt="Women"
            class="issues-and-solution__women-image"
            src="../../assets/img/GoDee/svg/women.svg"
          />
        </div>
      </div>
       
      <div
        class="issues-and-solution__empty-white-block"
      />
    </div>
     
    <img
      alt="Route dot"
      class="issues-and-solution__taxi-route-dot"
      src="@/assets/img/GoDee/svg/route-dot.svg"
    />
     
    <div
      class="issues-and-solution__taxi"
    >
      <div
        class="issues-and-solution__taxi-content-wrapper"
      >
        <div
          class="issues-and-solution__taxi-title"
        >
          <div
            class="issues-and-solution__taxi-main-title"
          >
            Taxi
          </div>
           
          <div
            class="issues-and-solution__taxi-description"
          >
            Taxis are safer and more comfortable but less accessible 
            <br />
             as they cost much higher.
          </div>
        </div>
         
        <div
          class="issues-and-solution__price-group"
        >
          <div
            class="issues-and-solution__price-item"
          >
            <div
              class="issues-and-solution__price-value issues-and-solution__taxi-price-value"
            >
              
              0.51 USD
              
              <span
                class="issues-and-solution__equal-symbol-basic-fee"
              >
                +
              </span>
            </div>
             
            <div
              class="issues-and-solution__price-description"
            >
              The basic fee
            </div>
          </div>
           
          <div
            class="issues-and-solution__price-item"
          >
            <div
              class="issues-and-solution__price-value issues-and-solution__taxi-price-value"
            >
              
              0.56 USD
              
              <span
                class="issues-and-solution__equal-symbol-kilometer-price"
              >
                +
              </span>
            </div>
             
            <div
              class="issues-and-solution__price-description"
            >
              The kilometer price
            </div>
          </div>
           
          <div
            class="issues-and-solution__price-item"
          >
            <div
              class="issues-and-solution__price-value issues-and-solution__taxi-price-value"
            >
              ~
              10 km (
              <img
                alt="Math"
                class="issues-and-solution__math-symbol"
                src="@/assets/img/GoDee/svg/math-symbol.svg"
              />
              )
              
              <span
                class="issues-and-solution__equal-symbol-kilometers-per-trip"
              >
                +
              </span>
            </div>
             
            <div
              class="issues-and-solution__price-description"
            >
              Average kilometers per trip
            </div>
          </div>
           
          <div
            class="issues-and-solution__price-item"
          >
            <div
              class="issues-and-solution__price-value"
            >
              ~25 days
            </div>
             
            <div
              class="issues-and-solution__price-description"
            >
              a month
            </div>
          </div>
        </div>
         
        <div
          class="issues-and-solution__result-item"
        >
          <span>
            =
          </span>
           300 USD a month
        
        </div>
      </div>
    </div>
     
    <div
      class="issues-and-solution__solution-title"
    >
      <div
        class="issues-and-solution__solution-main-title"
      >
        Solution: GoDee
      </div>
       
      <div
        class="issues-and-solution__solution-description"
      >
        GoDeeâ€™s founders decided to make buses smarter and 
        <br />
         more user-friendly. GoDee tackled this by converting 
        <br />
         traditional bus transportation into a modern service 
        <br />
         offering a convenient and predictable ride that is just 
        <br />
         one click away.
      </div>
    </div>
     
    <img
      alt="Route dot"
      class="issues-and-solution__solution-route-dot"
      src="@/assets/img/GoDee/svg/route-dot-orange.svg"
    />
     
    <div
      class="issues-and-solution__solution"
    >
      <div
        class="issues-and-solution__solution-content-wrapper"
      >
        <div
          class="issues-and-solution__price-group issues-and-solution__solution-price-group"
        >
          <div
            class="issues-and-solution__price-item"
          >
            <div
              class="issues-and-solution__price-value issues-and-solution__solution-price-value"
            >
              
              1.29 USD 
              
              <span
                class="issues-and-solution__equal-symbol-one-trip"
              >
                +
              </span>
            </div>
             
            <div
              class="issues-and-solution__price-description issues-and-solution__solution-price-description"
            >
              One trip
            </div>
          </div>
           
          <div
            class="issues-and-solution__price-item"
          >
            <div
              class="issues-and-solution__price-value issues-and-solution__solution-price-value"
            >
              
              2
              
              <span
                class="issues-and-solution__equal-symbol-trips-a-day"
              >
                +
              </span>
            </div>
             
            <div
              class="issues-and-solution__price-description issues-and-solution__solution-price-description"
            >
              Trips a day
            </div>
          </div>
           
          <div
            class="issues-and-solution__price-item"
          >
            <div
              class="issues-and-solution__price-value issues-and-solution__solution-price-value"
            >
              ~25 days
            </div>
             
            <div
              class="issues-and-solution__price-description issues-and-solution__solution-price-description"
            >
              a month
            </div>
          </div>
        </div>
         
        <div
          class="issues-and-solution__result-item issues-and-solution__solution-result-item"
        >
          <span>
            =
          </span>
           65 USD a month
        
        </div>
         
        <img
          alt="iPhoneX"
          class="issues-and-solution__phone-image"
          src="@/assets/img/GoDee/svg/solution-sec-phone.svg"
        />
      </div>
    </div>
  </div>
</section>
`;
