// Jest Snapshot v1, https://goo.gl/fbAQLP

exports[`IT Outsourcing renders correctly 1`] = `
<section
  class="it-outsourcing main-parent-item"
  id="it-outsourcing"
>
  <div
    class="container"
  >
    <div
      class="it-outsourcing__content-wrapper"
    >
      <h2
        class="it-outsourcing__main-title main-title"
      >
        IT Outsourcing
      </h2>
       
      <div
        class="it-outsourcing__flex-wrapper flex-wrapper"
      >
        <div
          class="it-outsourcing__outsourcing-content teams"
        >
          <div
            class="it-outsourcing__content_wrapper"
          >
            <div
              class="it-outsourcing__content-wrap"
            >
              <div
                class="it-outsourcing__title-wrap"
              >
                <h3
                  class="it-outsourcing__title title default-title"
                >
                  Teams
                </h3>
                 
                <h4
                  class="it-outsourcing__sub-title sub-title"
                >
                  Tired of 20 or 30 people not delivering you any features?
                </h4>
              </div>
               
              <!---->
               
              <img
                alt="teams-title-symbol"
                class="it-outsourcing__content-icon"
                src="@/assets/img/Services/svg/teams-symbol.svg"
              />
            </div>
             
            <p
              class="it-outsourcing__paragraph paragraph"
            >
              How about only dealing with smart heads and capable hands? Enjoy our proactive rockets who will ask you to get them more work.
            </p>
          </div>
           
          <button
            class="ui-button-modal-trigger it-outsourcing__ui-button-modal-trigger"
          >
            
  Get a team of ultra-fast coders

          </button>
        </div>
         
        <div
          class="it-outsourcing__outsourcing-content individuals"
        >
          <div
            class="it-outsourcing__content_wrapper"
          >
            <div
              class="it-outsourcing__content-wrap"
            >
              <div
                class="it-outsourcing__title-wrap"
              >
                <h3
                  class="it-outsourcing__title title default-title"
                >
                  Individuals
                </h3>
                 
                <h4
                  class="it-outsourcing__sub-title sub-title"
                >
                  Seeing one, two, five guys working on a minor thing? Ha!
                </h4>
              </div>
               
              <img
                alt="individuals-title-symbol"
                class="it-outsourcing__content-icon"
                src="@/assets/img/Services/svg/individuals-symbol.svg"
              />
               
              <!---->
            </div>
             
            <p
              class="it-outsourcing__paragraph paragraph"
            >
              We are NOT going to bring you more people than you actually need. We'll just send one or two of our rangers to your frontier, and you'll enjoy peace of mind about IT.
            </p>
          </div>
           
          <button
            class="ui-button-modal-trigger it-outsourcing__ui-button-modal-trigger"
          >
            
  Get individual proactive rockets

          </button>
        </div>
      </div>
    </div>
  </div>
</section>
`;
