// Jest Snapshot v1, https://goo.gl/fbAQLP

exports[`Meet Our Experts Mobile Slider renders correctly 1`] = `
<div
  class="experts-slider-wrapper"
>
  <div
    class="swiper-container swiper swiper-container-initialized swiper-container-horizontal"
  >
    <div
      class="swiper-wrapper"
      style="webkit-transition-duration: 0ms; transition-duration: 0ms; webkit-transform: translate3d(NaNpx, 0px, 0px); transform: translate3d(NaNpx, 0px, 0px);"
    >
      <div
        class="swiper-slide"
      >
        <div
          class="mobile-expert-item"
        >
          <picture>
            <source
              class="multi-image"
              srcset="[object Object] ,[object Object] 2x"
              type="image/webp"
            />
             
            <img
              alt="Marat@2x"
              class="multi-image"
              src="[object Object]"
              srcset="[object Object] 2x"
            />
          </picture>
           
          <div
            class="mobile-expert-bottom_content"
          >
            <div
              class="mobile-expert-info"
            >
              <div
                class="mobile-expert-name"
              >
                Marat Bediev
              </div>
               
              <div
                class="mobile-expert-position"
              >
                Senior DevOps
              </div>
            </div>
             
            <a
              class="mobile-expert-linkedin_link"
              href="https://www.linkedin.com/in/marat-bediev-a973171b/"
              target="blank"
            >
              <img
                alt="Linkedin"
                class="mobile-expert-linkedin_icon"
                src="@/assets/img/Home/svg/experts/linkedin.svg"
              />
            </a>
          </div>
        </div>
      </div>
    </div>
    <span
      aria-atomic="true"
      aria-live="assertive"
      class="swiper-notification"
    />
  </div>
   
  <div
    class="swiper-pagination swiper-pagination--black"
    slot="pagination"
  />
</div>
`;
