// Jest Snapshot v1, https://goo.gl/fbAQLP

exports[`RadioButton component renders correctly 1`] = `
<li
  class="radio"
>
  <input
    class="radio__position-input"
    id="intern"
    name="position"
    type="radio"
  />
   
  <label
    class="radio__position-label form-text"
    for="intern"
  >
    Senior,
  </label>
   
  <div
    class="radio__position-check"
  />
   
  <span
    class="radio__form-description last-additional-description form-text"
  >
    
    roles.
  
  </span>
</li>
`;
