// Jest Snapshot v1, https://goo.gl/fbAQLP

exports[`Remote tech staff renders correctly 1`] = `
<section
  class="remote-tech-staff main-parent-item"
  id="remote-tech-staff"
>
  <div
    class="container"
  >
    <div
      class="remote-tech-staff__content-wrapper"
    >
      <h2
        class="remote-tech-staff__main-title main-title"
      >
        Remote Tech Staff
      </h2>
       
      <div
        class="remote-tech-staff__flex-wrapper flex-wrapper"
      >
        <div
          class="remote-tech-staff-content__tech-staff teams"
        >
          <div
            class="remote-tech-staff-content__content_wrapper"
          >
            <div
              class="remote-tech-staff-content__content-wrap"
            >
              <div
                class="remote-tech-staff-content__title-wrap"
              >
                <h3
                  class="remote-tech-staff-content__title block-paragraph"
                >
                  Teams
                </h3>
                 
                <h4
                  class="remote-tech-staff-content__sub-title sub-paragraph"
                >
                  Tired of 20 or 30 people not delivering you any features?
                </h4>
              </div>
               
              <!---->
               
              <img
                alt="teams-title-symbol"
                class="remote-tech-staff-content__content-icon"
                src="@/assets/img/Services/svg/teams-symbol.svg"
              />
            </div>
             
            <p
              class="remote-tech-staff-content__paragraph paragraph"
            >
              How about only dealing with smart heads and capable hands? Enjoy our proactive rockets who will ask you to get them more work.
            </p>
          </div>
           
          <button
            class="ui-button-modal-trigger remote-tech-staff-content__ui-button-modal-trigger"
          >
            
  Get a team of ultra-fast coders

          </button>
        </div>
         
        <div
          class="remote-tech-staff-content__tech-staff individuals"
        >
          <div
            class="remote-tech-staff-content__content_wrapper"
          >
            <div
              class="remote-tech-staff-content__content-wrap"
            >
              <div
                class="remote-tech-staff-content__title-wrap"
              >
                <h3
                  class="remote-tech-staff-content__title block-paragraph"
                >
                  Individuals
                </h3>
                 
                <h4
                  class="remote-tech-staff-content__sub-title sub-paragraph"
                >
                  Seeing one, two, five guys working on a minor thing? Ha!
                </h4>
              </div>
               
              <img
                alt="individuals-title-symbol"
                class="remote-tech-staff-content__content-icon"
                src="@/assets/img/Services/svg/individuals-symbol.svg"
              />
               
              <!---->
            </div>
             
            <p
              class="remote-tech-staff-content__paragraph paragraph"
            >
              We are NOT going to bring you more people than you actually need. We'll just send one or two of our rangers to your frontier, and you'll enjoy peace of mind about IT.
            </p>
          </div>
           
          <button
            class="ui-button-modal-trigger remote-tech-staff-content__ui-button-modal-trigger"
          >
            
  Get individual proactive rockets

          </button>
        </div>
      </div>
    </div>
  </div>
</section>
`;
