// Jest Snapshot v1, https://goo.gl/fbAQLP

exports[`Success modal renders correctly 1`] = `
<modal-stub
  class="success-modal"
  name="success-modal"
>
  <img
    alt="Close modal"
    class="close-modal"
    src="@/assets/img/common/close-icon.svg"
  />
   
  <div
    class="success-modal__conten-wrapper"
  >
    <img
      alt="Hand"
      src="@/assets/img/common/success-modal-hand.svg"
    />
     
    <div
      class="success-modal__text-content"
    >
      <div
        class="success-modal__title"
      >
        Thanks for your 
        <br />
         interest in Mad Devs
      </div>
       
      <div
        class="success-modal__info-text"
      >
        The form has been submitted. 
        <br />
         We will contact you as soon as possible.
      </div>
    </div>
  </div>
</modal-stub>
`;
