// Jest Snapshot v1, https://goo.gl/fbAQLP

exports[`Team headcount modal renders correctly 1`] = `
<modal-stub
  classes="modal_container"
  height="auto"
  name="team-headcount-modal"
>
  <img
    alt="Close modal"
    class="close-modal"
    src="@/assets/img/common/close-icon.svg"
  />
   
  <perfect-scrollbar-stub
    class="modal_scrollbar"
    options="[object Object]"
  >
    <validationobserver-stub />
  </perfect-scrollbar-stub>
</modal-stub>
`;
