// Jest Snapshot v1, https://goo.gl/fbAQLP

exports[`TechnologiesItem component renders correctly 1`] = `
<div
  class="technologies-item"
>
  <h4
    class="technologies-item__title title-md"
  >
    Title
  </h4>
   
  <p
    class="technologies-item__paragraph paragraph"
  >
    Paragraph
  </p>
   
  <!---->
   
  <!---->
   
  <!---->
   
  <!---->
</div>
`;
