// Jest Snapshot v1, https://goo.gl/fbAQLP

exports[`Ui button renders correctly 1`] = `
<button
  class="ui-button"
  style="position: relative; overflow: hidden;"
>
  button text
  <div
    class="wave"
  />
</button>
`;
